0 ground_pelvis/pelvis_tilt/value 0 OpenSim
36 ground_pelvis/pelvis_tilt/speed 1 OpenSim
1 ground_pelvis/pelvis_list/value 2 OpenSim
37 ground_pelvis/pelvis_list/speed 3 OpenSim
2 ground_pelvis/pelvis_rotation/value 4 OpenSim
38 ground_pelvis/pelvis_rotation/speed 5 OpenSim
3 ground_pelvis/pelvis_tx/value 6 OpenSim
39 ground_pelvis/pelvis_tx/speed 7 OpenSim
4 ground_pelvis/pelvis_ty/value 8 OpenSim
40 ground_pelvis/pelvis_ty/speed 9 OpenSim
5 ground_pelvis/pelvis_tz/value 10 OpenSim
41 ground_pelvis/pelvis_tz/speed 11 OpenSim
6 hip_l/hip_flexion_l/value 12 OpenSim
42 hip_l/hip_flexion_l/speed 13 OpenSim
7 hip_l/hip_adduction_l/value 14 OpenSim
43 hip_l/hip_adduction_l/speed 15 OpenSim
8 hip_l/hip_rotation_l/value 16 OpenSim
44 hip_l/hip_rotation_l/speed 17 OpenSim
9 hip_r/hip_flexion_r/value 18 OpenSim
45 hip_r/hip_flexion_r/speed 19 OpenSim
10 hip_r/hip_adduction_r/value 20 OpenSim
46 hip_r/hip_adduction_r/speed 21 OpenSim
11 hip_r/hip_rotation_r/value 22 OpenSim
47 hip_r/hip_rotation_r/speed 23 OpenSim
15 knee_l/knee_angle_l/value 24 OpenSim
51 knee_l/knee_angle_l/speed 25 OpenSim
22 knee_r/knee_angle_r/value 26 OpenSim
58 knee_r/knee_angle_r/speed 27 OpenSim
23 knee_r/knee_adduction_r/value 28 OpenSim
59 knee_r/knee_adduction_r/speed 29 OpenSim
24 knee_r/knee_rotation_r/value 30 OpenSim
60 knee_r/knee_rotation_r/speed 31 OpenSim
25 knee_r/knee_tx_r/value 32 OpenSim
61 knee_r/knee_tx_r/speed 33 OpenSim
26 knee_r/knee_ty_r/value 34 OpenSim
62 knee_r/knee_ty_r/speed 35 OpenSim
27 knee_r/knee_tz_r/value 36 OpenSim
63 knee_r/knee_tz_r/speed 37 OpenSim
28 ankle_l/ankle_angle_l/value 38 OpenSim
64 ankle_l/ankle_angle_l/speed 39 OpenSim
34 ankle_r/ankle_angle_r/value 40 OpenSim
70 ankle_r/ankle_angle_r/speed 41 OpenSim
31 subtalar_l/subtalar_angle_l/value 42 OpenSim
67 subtalar_l/subtalar_angle_l/speed 43 OpenSim
35 subtalar_r/subtalar_angle_r/value 44 OpenSim
71 subtalar_r/subtalar_angle_r/speed 45 OpenSim
12 back/lumbar_extension/value 46 OpenSim
48 back/lumbar_extension/speed 47 OpenSim
13 back/lumbar_bending/value 48 OpenSim
49 back/lumbar_bending/speed 49 OpenSim
14 back/lumbar_rotation/value 50 OpenSim
50 back/lumbar_rotation/speed 51 OpenSim
16 shoulder_l/arm_flex_l/value 52 OpenSim
52 shoulder_l/arm_flex_l/speed 53 OpenSim
17 shoulder_l/arm_add_l/value 54 OpenSim
53 shoulder_l/arm_add_l/speed 55 OpenSim
18 shoulder_l/arm_rot_l/value 56 OpenSim
54 shoulder_l/arm_rot_l/speed 57 OpenSim
19 shoulder_r/arm_flex_r/value 58 OpenSim
55 shoulder_r/arm_flex_r/speed 59 OpenSim
20 shoulder_r/arm_add_r/value 60 OpenSim
56 shoulder_r/arm_add_r/speed 61 OpenSim
21 shoulder_r/arm_rot_r/value 62 OpenSim
57 shoulder_r/arm_rot_r/speed 63 OpenSim
29 elbow_l/elbow_flex_l/value 64 OpenSim
65 elbow_l/elbow_flex_l/speed 65 OpenSim
30 elbow_r/elbow_flex_r/value 66 OpenSim
66 elbow_r/elbow_flex_r/speed 67 OpenSim
32 radioulnar_l/pro_sup_l/value 68 OpenSim
68 radioulnar_l/pro_sup_l/speed 69 OpenSim
33 radioulnar_r/pro_sup_r/value 70 OpenSim
69 radioulnar_r/pro_sup_r/speed 71 OpenSim
computed until the end
